// Jest Snapshot v1, https://goo.gl/fbAQLP

exports[`Test a componente ContainerFormPokemon  Mostrar componente contenedor en el UI  1`] = `
<div>
  <div
    class="fila"
  >
    <div
      class="titleAddBox columna-s-12 columna-6"
    >
      <h4>
        Nuevo Pokemon
      </h4>
    </div>
  </div>
  <div
    class="fila"
  >
    <form
      class="FormAddPokemon"
    >
      <div
        class="FormContent"
      >
        <div
          class="inputsBox columna-s-12 columna-8"
        >
          <div
            class="NombreAdd  columna-s-12 columnna-6"
          >
            <label
              for="Nombre"
            >
              Nombre:
            </label>
            <input
              name="Name"
              placeholder="Nombre"
              value="Caterpie"
            />
          </div>
          <div
            class="ImgAdd  columna-s-12 columnna-6"
          >
            <label
              for="Nombre"
            >
              Imagen:
            </label>
            <input
              name="Imagen"
              placeholder="Url"
              value=""
            />
          </div>
        </div>
        <div
          class="RangesBox columna-s-12 columna-8"
        >
          <div
            class="ataque"
          >
            <label
              for=""
            >
              Ataque: 
              50
               
            </label>
            <input
              class="sc-bczRLJ gJYKHt"
              type="range"
              value="50"
            />
             
            <label
              for=""
            >
              100
            </label>
          </div>
          <div
            class="defensa "
          >
            <label
              for=""
            >
              Defensa: 
              50
               
            </label>
            <input
              class="sc-bczRLJ gJYKHt"
              type="range"
              value="50"
            />
             
            <label
              for=""
            >
              100
            </label>
          </div>
        </div>
      </div>
      <div
        class="FormContent"
      >
        <div
          class="Footer fila"
        >
          <div
            class="ButtonBoxFooter columna-8 columna-s-8"
          >
            <button>
              <svg
                class="icons"
                fill="currentColor"
                height="1em"
                stroke="currentColor"
                stroke-width="0"
                viewBox="0 0 24 24"
                width="1em"
                xmlns="http://www.w3.org/2000/svg"
              >
                <path
                  d="M0 0h24v24H0V0z"
                  fill="none"
                />
                <path
                  d="M17 3H5a2 2 0 00-2 2v14a2 2 0 002 2h14c1.1 0 2-.9 2-2V7l-4-4zm2 16H5V5h11.17L19 7.83V19zm-7-7c-1.66 0-3 1.34-3 3s1.34 3 3 3 3-1.34 3-3-1.34-3-3-3zM6 6h9v4H6z"
                />
              </svg>
              <span>
                Guardar
              </span>
            </button>
            <button>
              <svg
                class="icons"
                fill="currentColor"
                height="1em"
                stroke="currentColor"
                stroke-width="0"
                viewBox="0 0 24 24"
                width="1em"
                xmlns="http://www.w3.org/2000/svg"
              >
                <g>
                  <path
                    d="M0 0h24v24H0z"
                    fill="none"
                  />
                  <path
                    d="M12 10.586l4.95-4.95 1.414 1.414-4.95 4.95 4.95 4.95-1.414 1.414-4.95-4.95-4.95 4.95-1.414-1.414 4.95-4.95-4.95-4.95L7.05 5.636z"
                  />
                </g>
              </svg>
              <span>
                Cancelar
              </span>
            </button>
          </div>
        </div>
      </div>
    </form>
  </div>
</div>
`;
